[2026-07-31T22:50:50.350Z] GET /csrf-token - session: null
[2026-07-31T22:50:50.391Z] POST /login - session: null
[2026-07-31T22:50:50.667Z] GET /admin.html - session: {"id":16,"name":"admin","role":"admin","mustReset":false}
[2026-07-31T22:50:50.723Z] GET /js/api.js - session: {"id":16,"name":"admin","role":"admin","mustReset":false}
[2026-07-31T22:50:50.730Z] GET /js/notifications.js - session: {"id":16,"name":"admin","role":"admin","mustReset":false}
[2026-07-31T22:50:50.747Z] GET /notifications/unread-count?role=admin&userId=16&deptId= - session: {"id":16,"name":"admin","role":"admin","mustReset":false}
[2026-07-31T22:50:50.790Z] GET /admin/departments - session: {"id":16,"name":"admin","role":"admin","mustReset":false}
[2026-07-31T22:50:50.837Z] GET /admin/departments - session: {"id":16,"name":"admin","role":"admin","mustReset":false}
[2026-07-31T22:50:50.849Z] GET /admin/students?page=1&limit=10 - session: {"id":16,"name":"admin","role":"admin","mustReset":false}
[2026-07-31T22:50:51.680Z] GET /api/notifications/all?role=admin&userId=16&deptId= - session: {"id":16,"name":"admin","role":"admin","mustReset":false}
[2026-07-31T22:50:54.432Z] GET /csrf-token - session: {"id":16,"name":"admin","role":"admin","mustReset":false}
[2026-07-31T22:50:54.442Z] POST /api/notifications/mark-read?role=admin&userId=16&deptId= - session: {"id":16,"name":"admin","role":"admin","mustReset":false}
[2026-07-31T22:50:54.475Z] GET /api/notifications/all?role=admin&userId=16&deptId= - session: {"id":16,"name":"admin","role":"admin","mustReset":false}
[2026-07-31T22:51:05.718Z] GET /login.html - session: {"id":16,"name":"admin","role":"admin","mustReset":false}
[2026-07-31T22:51:05.762Z] GET /js/api.js - session: {"id":16,"name":"admin","role":"admin","mustReset":false}
[2026-08-02T06:08:13.271Z] GET /csrf-token - session: null
[2026-08-02T06:08:13.290Z] POST /login - session: null
[2026-08-02T06:08:13.391Z] GET /csrf-token - session: {"id":130,"name":"test_grf2_1785650892656","role":"faculty","mustReset":false}
[2026-08-02T06:08:13.398Z] POST /faculty/marks - session: {"id":130,"name":"test_grf2_1785650892656","role":"faculty","mustReset":false}
[2026-08-02T06:08:13.412Z] GET /csrf-token - session: null
[2026-08-02T06:08:13.418Z] POST /login - session: null
[2026-08-02T06:08:13.504Z] GET /csrf-token - session: {"id":129,"name":"test_grf_1785650892656","role":"faculty","mustReset":false}
[2026-08-02T06:08:13.509Z] POST /faculty/marks - session: {"id":129,"name":"test_grf_1785650892656","role":"faculty","mustReset":false}
[2026-08-02T06:08:13.518Z] GET /csrf-token - session: null
[2026-08-02T06:08:13.524Z] POST /login - session: null
[2026-08-02T06:08:13.610Z] GET /csrf-token - session: {"id":129,"name":"test_grf_1785650892656","role":"faculty","mustReset":false}
[2026-08-02T06:08:13.615Z] POST /faculty/marks - session: {"id":129,"name":"test_grf_1785650892656","role":"faculty","mustReset":false}
[2026-08-02T06:08:13.644Z] GET /faculty/course/TG892656/marks?semester=4&year=2025 - session: {"id":129,"name":"test_grf_1785650892656","role":"faculty","mustReset":false}
[2026-08-02T06:08:13.658Z] GET /csrf-token - session: null
[2026-08-02T06:08:13.664Z] POST /login - session: null
[2026-08-02T06:08:13.748Z] GET /student/131/marks - session: {"id":131,"name":"test_gst_1785650892656","role":"student","mustReset":false}
[2026-08-02T06:08:14.201Z] GET /csrf-token - session: null
[2026-08-02T06:08:14.208Z] POST /login - session: null
[2026-08-02T06:08:14.293Z] GET /csrf-token - session: null
[2026-08-02T06:08:14.298Z] POST /login - session: null
[2026-08-02T06:08:14.444Z] GET /csrf-token - session: null
[2026-08-02T06:08:14.450Z] POST /login - session: null
[2026-08-02T06:08:14.620Z] GET /csrf-token - session: null
[2026-08-02T06:08:14.624Z] POST /login - session: null
[2026-08-02T06:08:14.709Z] GET /csrf-token - session: null
[2026-08-02T06:08:14.715Z] POST /login - session: null
[2026-08-02T06:08:14.800Z] GET /csrf-token - session: null
[2026-08-02T06:08:14.805Z] POST /login - session: null
[2026-08-02T06:08:14.894Z] GET /csrf-token - session: null
[2026-08-02T06:08:14.899Z] POST /login - session: null
[2026-08-02T06:08:14.990Z] GET /csrf-token - session: null
[2026-08-02T06:08:14.994Z] POST /login - session: null
[2026-08-02T06:08:15.082Z] GET /csrf-token - session: null
[2026-08-02T06:08:15.086Z] POST /login - session: null
[2026-08-02T06:08:15.516Z] GET /csrf-token - session: null
[2026-08-02T06:08:15.523Z] POST /faculty/attendance - session: null
[2026-08-02T06:08:15.530Z] GET /csrf-token - session: null
[2026-08-02T06:08:15.536Z] POST /login - session: null
[2026-08-02T06:08:15.623Z] GET /csrf-token - session: {"id":134,"name":"test_fac_1785650895330","role":"faculty","mustReset":false}
[2026-08-02T06:08:15.627Z] POST /faculty/attendance - session: {"id":134,"name":"test_fac_1785650895330","role":"faculty","mustReset":false}
[2026-08-02T06:08:15.641Z] GET /csrf-token - session: null
[2026-08-02T06:08:15.644Z] POST /login - session: null
[2026-08-02T06:08:15.730Z] GET /csrf-token - session: {"id":134,"name":"test_fac_1785650895330","role":"faculty","mustReset":false}
[2026-08-02T06:08:15.735Z] POST /faculty/attendance - session: {"id":134,"name":"test_fac_1785650895330","role":"faculty","mustReset":false}
[2026-08-02T06:08:49.603Z] GET /login.html - session: null
[2026-08-02T06:08:49.623Z] GET /login.html - session: null
[2026-08-02T06:08:49.754Z] GET /js/api.js - session: null
[2026-08-02T06:08:49.769Z] GET /js/api.js - session: null
[2026-08-02T06:08:50.617Z] GET /favicon.ico - session: null
[2026-08-02T06:09:02.003Z] GET /csrf-token - session: null
[2026-08-02T06:09:02.027Z] POST /login - session: null
[2026-08-02T06:09:02.350Z] GET /student.html - session: {"id":6,"name":"abhiinay","role":"student","mustReset":false}
[2026-08-02T06:09:02.404Z] GET /js/api.js - session: {"id":6,"name":"abhiinay","role":"student","mustReset":false}
[2026-08-02T06:09:02.406Z] GET /js/notifications.js - session: {"id":6,"name":"abhiinay","role":"student","mustReset":false}
[2026-08-02T06:09:02.580Z] GET /student/6 - session: {"id":6,"name":"abhiinay","role":"student","mustReset":false}
[2026-08-02T06:09:02.607Z] GET /notifications/unread-count?role=student&userId=6&deptId= - session: {"id":6,"name":"abhiinay","role":"student","mustReset":false}
[2026-08-02T06:09:02.720Z] GET /notifications/unread-count?role=student&userId=6&deptId=1 - session: {"id":6,"name":"abhiinay","role":"student","mustReset":false}
[2026-08-02T06:09:02.744Z] GET /student/6/marks - session: {"id":6,"name":"abhiinay","role":"student","mustReset":false}
[2026-08-02T06:09:16.189Z] GET /student-attendance.html - session: {"id":6,"name":"abhiinay","role":"student","mustReset":false}
[2026-08-02T06:09:16.232Z] GET /js/api.js - session: {"id":6,"name":"abhiinay","role":"student","mustReset":false}
[2026-08-02T06:09:16.242Z] GET /js/notifications.js - session: {"id":6,"name":"abhiinay","role":"student","mustReset":false}
[2026-08-02T06:09:16.251Z] GET /student/6/semesters - session: {"id":6,"name":"abhiinay","role":"student","mustReset":false}
[2026-08-02T06:09:16.266Z] GET /notifications/unread-count?role=student&userId=6&deptId=1 - session: {"id":6,"name":"abhiinay","role":"student","mustReset":false}
[2026-08-02T06:09:16.283Z] GET /student/6/attendance-summary?semester=5&year=2025 - session: {"id":6,"name":"abhiinay","role":"student","mustReset":false}
[2026-08-02T06:09:21.937Z] GET /student.html - session: {"id":6,"name":"abhiinay","role":"student","mustReset":false}
[2026-08-02T06:09:21.982Z] GET /js/api.js - session: {"id":6,"name":"abhiinay","role":"student","mustReset":false}
[2026-08-02T06:09:21.984Z] GET /js/notifications.js - session: {"id":6,"name":"abhiinay","role":"student","mustReset":false}
[2026-08-02T06:09:22.012Z] GET /student/6 - session: {"id":6,"name":"abhiinay","role":"student","mustReset":false}
[2026-08-02T06:09:22.017Z] GET /notifications/unread-count?role=student&userId=6&deptId=1 - session: {"id":6,"name":"abhiinay","role":"student","mustReset":false}
[2026-08-02T06:09:22.037Z] GET /notifications/unread-count?role=student&userId=6&deptId=1 - session: {"id":6,"name":"abhiinay","role":"student","mustReset":false}
[2026-08-02T06:09:22.039Z] GET /student/6/marks - session: {"id":6,"name":"abhiinay","role":"student","mustReset":false}
[2026-08-02T06:09:27.833Z] GET /api/notifications/all?role=student&userId=6&deptId=1 - session: {"id":6,"name":"abhiinay","role":"student","mustReset":false}
[2026-08-02T06:09:33.112Z] GET /.well-known/appspecific/com.chrome.devtools.json - session: {"id":6,"name":"abhiinay","role":"student","mustReset":false}
[2026-08-02T06:13:48.597Z] GET /csrf-token - session: null
[2026-08-02T06:13:48.615Z] POST /login - session: null
[2026-08-02T06:13:48.702Z] GET /csrf-token - session: {"id":137,"name":"test_grf2_1785651228300","role":"faculty","mustReset":false}
[2026-08-02T06:13:48.709Z] POST /faculty/marks - session: {"id":137,"name":"test_grf2_1785651228300","role":"faculty","mustReset":false}
[2026-08-02T06:13:48.719Z] GET /csrf-token - session: null
[2026-08-02T06:13:48.725Z] POST /login - session: null
[2026-08-02T06:13:48.809Z] GET /csrf-token - session: {"id":136,"name":"test_grf_1785651228300","role":"faculty","mustReset":false}
[2026-08-02T06:13:48.816Z] POST /faculty/marks - session: {"id":136,"name":"test_grf_1785651228300","role":"faculty","mustReset":false}
[2026-08-02T06:13:48.824Z] GET /csrf-token - session: null
[2026-08-02T06:13:48.831Z] POST /login - session: null
[2026-08-02T06:13:48.921Z] GET /csrf-token - session: {"id":136,"name":"test_grf_1785651228300","role":"faculty","mustReset":false}
[2026-08-02T06:13:48.927Z] POST /faculty/marks - session: {"id":136,"name":"test_grf_1785651228300","role":"faculty","mustReset":false}
[2026-08-02T06:13:48.937Z] GET /faculty/course/TG228300/marks?semester=4&year=2025 - session: {"id":136,"name":"test_grf_1785651228300","role":"faculty","mustReset":false}
[2026-08-02T06:13:48.946Z] GET /csrf-token - session: null
[2026-08-02T06:13:48.952Z] POST /login - session: null
[2026-08-02T06:13:49.040Z] GET /student/138/marks - session: {"id":138,"name":"test_gst_1785651228300","role":"student","mustReset":false}
[2026-08-02T06:13:49.438Z] GET /csrf-token - session: null
[2026-08-02T06:13:49.444Z] POST /login - session: null
[2026-08-02T06:13:49.527Z] GET /csrf-token - session: null
[2026-08-02T06:13:49.534Z] POST /login - session: null
[2026-08-02T06:13:49.642Z] GET /csrf-token - session: null
[2026-08-02T06:13:49.648Z] POST /login - session: null
[2026-08-02T06:13:49.817Z] GET /csrf-token - session: null
[2026-08-02T06:13:49.822Z] POST /login - session: null
[2026-08-02T06:13:49.910Z] GET /csrf-token - session: null
[2026-08-02T06:13:49.917Z] POST /login - session: null
[2026-08-02T06:13:50.007Z] GET /csrf-token - session: null
[2026-08-02T06:13:50.013Z] POST /login - session: null
[2026-08-02T06:13:50.101Z] GET /csrf-token - session: null
[2026-08-02T06:13:50.106Z] POST /login - session: null
[2026-08-02T06:13:50.194Z] GET /csrf-token - session: null
[2026-08-02T06:13:50.200Z] POST /login - session: null
[2026-08-02T06:13:50.293Z] GET /csrf-token - session: null
[2026-08-02T06:13:50.300Z] POST /login - session: null
[2026-08-02T06:13:50.746Z] GET /csrf-token - session: null
[2026-08-02T06:13:50.752Z] POST /faculty/attendance - session: null
[2026-08-02T06:13:50.758Z] GET /csrf-token - session: null
[2026-08-02T06:13:50.764Z] POST /login - session: null
[2026-08-02T06:13:50.850Z] GET /csrf-token - session: {"id":141,"name":"test_fac_1785651230551","role":"faculty","mustReset":false}
[2026-08-02T06:13:50.854Z] POST /faculty/attendance - session: {"id":141,"name":"test_fac_1785651230551","role":"faculty","mustReset":false}
[2026-08-02T06:13:50.868Z] GET /csrf-token - session: null
[2026-08-02T06:13:50.873Z] POST /login - session: null
[2026-08-02T06:13:50.955Z] GET /csrf-token - session: {"id":141,"name":"test_fac_1785651230551","role":"faculty","mustReset":false}
[2026-08-02T06:13:50.960Z] POST /faculty/attendance - session: {"id":141,"name":"test_fac_1785651230551","role":"faculty","mustReset":false}
[2026-08-02T06:14:29.093Z] GET /student.html - session: null
[2026-08-02T06:14:29.172Z] GET /js/api.js - session: null
[2026-08-02T06:14:29.174Z] GET /js/notifications.js - session: null
[2026-08-02T06:14:29.192Z] GET /student/6 - session: null
[2026-08-02T06:14:29.212Z] GET /notifications/unread-count?role=student&userId=6&deptId=1 - session: null
[2026-08-02T06:14:31.537Z] GET /csrf-token - session: null
[2026-08-02T06:14:31.550Z] POST /logout - session: null
[2026-08-02T06:14:31.571Z] GET /login.html - session: null
[2026-08-02T06:14:31.623Z] GET /js/api.js - session: null
[2026-08-02T06:14:38.650Z] GET /csrf-token - session: null
[2026-08-02T06:14:38.664Z] POST /login - session: null
[2026-08-02T06:14:38.964Z] GET /student.html - session: {"id":6,"name":"abhiinay","role":"student","mustReset":false}
[2026-08-02T06:14:39.014Z] GET /js/api.js - session: {"id":6,"name":"abhiinay","role":"student","mustReset":false}
[2026-08-02T06:14:39.019Z] GET /js/notifications.js - session: {"id":6,"name":"abhiinay","role":"student","mustReset":false}
[2026-08-02T06:14:39.044Z] GET /student/6 - session: {"id":6,"name":"abhiinay","role":"student","mustReset":false}
[2026-08-02T06:14:39.055Z] GET /notifications/unread-count?role=student&userId=6&deptId= - session: {"id":6,"name":"abhiinay","role":"student","mustReset":false}
[2026-08-02T06:14:39.093Z] GET /notifications/unread-count?role=student&userId=6&deptId=1 - session: {"id":6,"name":"abhiinay","role":"student","mustReset":false}
[2026-08-02T06:14:39.095Z] GET /student/6/marks - session: {"id":6,"name":"abhiinay","role":"student","mustReset":false}
[2026-08-02T06:14:43.119Z] GET /.well-known/appspecific/com.chrome.devtools.json - session: {"id":6,"name":"abhiinay","role":"student","mustReset":false}
[2026-08-02T06:15:09.800Z] GET /csrf-token - session: {"id":6,"name":"abhiinay","role":"student","mustReset":false}
[2026-08-02T06:15:09.808Z] POST /logout - session: {"id":6,"name":"abhiinay","role":"student","mustReset":false}
[2026-08-02T06:15:09.827Z] GET /login.html - session: null
[2026-08-02T06:15:09.890Z] GET /js/api.js - session: null
[2026-08-02T06:15:11.458Z] GET /student.html - session: null
[2026-08-02T06:15:15.238Z] GET /login.html - session: null
[2026-08-02T06:15:15.287Z] GET /js/api.js - session: null
[2026-08-02T06:39:57.429Z] GET /csrf-token - session: null
[2026-08-02T06:39:57.456Z] POST /login - session: null
[2026-08-02T06:39:57.553Z] GET /csrf-token - session: {"id":144,"name":"test_grf2_1785652797124","role":"faculty","mustReset":false}
[2026-08-02T06:39:57.562Z] POST /faculty/marks - session: {"id":144,"name":"test_grf2_1785652797124","role":"faculty","mustReset":false}
[2026-08-02T06:39:57.574Z] GET /csrf-token - session: null
[2026-08-02T06:39:57.587Z] POST /login - session: null
[2026-08-02T06:39:57.677Z] GET /csrf-token - session: {"id":143,"name":"test_grf_1785652797124","role":"faculty","mustReset":false}
[2026-08-02T06:39:57.684Z] POST /faculty/marks - session: {"id":143,"name":"test_grf_1785652797124","role":"faculty","mustReset":false}
[2026-08-02T06:39:57.694Z] GET /csrf-token - session: null
[2026-08-02T06:39:57.706Z] POST /login - session: null
[2026-08-02T06:39:57.798Z] GET /csrf-token - session: {"id":143,"name":"test_grf_1785652797124","role":"faculty","mustReset":false}
[2026-08-02T06:39:57.806Z] POST /faculty/marks - session: {"id":143,"name":"test_grf_1785652797124","role":"faculty","mustReset":false}
[2026-08-02T06:39:57.818Z] GET /faculty/course/TG797124/marks?semester=4&year=2025 - session: {"id":143,"name":"test_grf_1785652797124","role":"faculty","mustReset":false}
[2026-08-02T06:39:57.828Z] GET /csrf-token - session: null
[2026-08-02T06:39:57.839Z] POST /login - session: null
[2026-08-02T06:39:57.930Z] GET /student/145/marks - session: {"id":145,"name":"test_gst_1785652797124","role":"student","mustReset":false}
[2026-08-02T06:39:58.381Z] GET /csrf-token - session: null
[2026-08-02T06:39:58.392Z] POST /login - session: null
[2026-08-02T06:39:58.479Z] GET /csrf-token - session: null
[2026-08-02T06:39:58.489Z] POST /login - session: null
[2026-08-02T06:39:58.584Z] GET /csrf-token - session: null
[2026-08-02T06:39:58.593Z] POST /login - session: null
[2026-08-02T06:39:58.771Z] GET /csrf-token - session: null
[2026-08-02T06:39:58.782Z] POST /login - session: null
[2026-08-02T06:39:58.872Z] GET /csrf-token - session: null
[2026-08-02T06:39:58.880Z] POST /login - session: null
[2026-08-02T06:39:58.972Z] GET /csrf-token - session: null
[2026-08-02T06:39:58.980Z] POST /login - session: null
[2026-08-02T06:39:59.070Z] GET /csrf-token - session: null
[2026-08-02T06:39:59.079Z] POST /login - session: null
[2026-08-02T06:39:59.167Z] GET /csrf-token - session: null
[2026-08-02T06:39:59.177Z] POST /login - session: null
[2026-08-02T06:39:59.278Z] GET /csrf-token - session: null
[2026-08-02T06:39:59.288Z] POST /login - session: null
[2026-08-02T06:39:59.804Z] GET /csrf-token - session: null
[2026-08-02T06:39:59.814Z] POST /faculty/attendance - session: null
[2026-08-02T06:39:59.822Z] GET /csrf-token - session: null
[2026-08-02T06:39:59.831Z] POST /login - session: null
[2026-08-02T06:39:59.925Z] GET /csrf-token - session: {"id":148,"name":"test_fac_1785652799613","role":"faculty","mustReset":false}
[2026-08-02T06:39:59.932Z] POST /faculty/attendance - session: {"id":148,"name":"test_fac_1785652799613","role":"faculty","mustReset":false}
[2026-08-02T06:39:59.948Z] GET /csrf-token - session: null
[2026-08-02T06:39:59.957Z] POST /login - session: null
[2026-08-02T06:40:00.048Z] GET /csrf-token - session: {"id":148,"name":"test_fac_1785652799613","role":"faculty","mustReset":false}
[2026-08-02T06:40:00.055Z] POST /faculty/attendance - session: {"id":148,"name":"test_fac_1785652799613","role":"faculty","mustReset":false}
[2026-08-02T06:44:04.923Z] GET /csrf-token - session: null
[2026-08-02T06:44:04.950Z] POST /login - session: null
[2026-08-02T06:44:05.037Z] GET /csrf-token - session: null
[2026-08-02T06:44:05.047Z] POST /login - session: null
[2026-08-02T06:44:05.133Z] GET /csrf-token - session: null
[2026-08-02T06:44:05.145Z] POST /login - session: null
[2026-08-02T06:44:05.335Z] GET /csrf-token - session: null
[2026-08-02T06:44:05.345Z] POST /login - session: null
[2026-08-02T06:44:05.439Z] GET /csrf-token - session: null
[2026-08-02T06:44:05.452Z] POST /login - session: null
[2026-08-02T06:44:05.550Z] GET /csrf-token - session: null
[2026-08-02T06:44:05.561Z] POST /login - session: null
[2026-08-02T06:44:05.652Z] GET /csrf-token - session: null
[2026-08-02T06:44:05.664Z] POST /login - session: null
[2026-08-02T06:44:05.799Z] GET /csrf-token - session: null
[2026-08-02T06:44:05.809Z] POST /login - session: null
[2026-08-02T06:44:05.907Z] GET /csrf-token - session: null
[2026-08-02T06:44:05.917Z] POST /login - session: null
[2026-08-02T06:44:06.537Z] GET /csrf-token - session: null
[2026-08-02T06:44:06.551Z] POST /faculty/attendance - session: null
[2026-08-02T06:44:06.559Z] GET /csrf-token - session: null
[2026-08-02T06:44:06.568Z] POST /login - session: null
[2026-08-02T06:44:06.661Z] GET /csrf-token - session: {"id":152,"name":"test_fac_1785653046300","role":"faculty","mustReset":false}
[2026-08-02T06:44:06.668Z] POST /faculty/attendance - session: {"id":152,"name":"test_fac_1785653046300","role":"faculty","mustReset":false}
[2026-08-02T06:44:06.682Z] GET /csrf-token - session: null
[2026-08-02T06:44:06.691Z] POST /login - session: null
[2026-08-02T06:44:06.788Z] GET /csrf-token - session: {"id":152,"name":"test_fac_1785653046300","role":"faculty","mustReset":false}
[2026-08-02T06:44:06.796Z] POST /faculty/attendance - session: {"id":152,"name":"test_fac_1785653046300","role":"faculty","mustReset":false}
[2026-08-02T06:44:07.586Z] GET /csrf-token - session: null
[2026-08-02T06:44:07.598Z] POST /login - session: null
[2026-08-02T06:44:07.698Z] GET /csrf-token - session: {"id":155,"name":"test_grf2_1785653047287","role":"faculty","mustReset":false}
[2026-08-02T06:44:07.705Z] POST /faculty/marks - session: {"id":155,"name":"test_grf2_1785653047287","role":"faculty","mustReset":false}
[2026-08-02T06:44:07.714Z] GET /csrf-token - session: null
[2026-08-02T06:44:07.722Z] POST /login - session: null
[2026-08-02T06:44:07.816Z] GET /csrf-token - session: {"id":154,"name":"test_grf_1785653047287","role":"faculty","mustReset":false}
[2026-08-02T06:44:07.822Z] POST /faculty/marks - session: {"id":154,"name":"test_grf_1785653047287","role":"faculty","mustReset":false}
[2026-08-02T06:44:07.830Z] GET /csrf-token - session: null
[2026-08-02T06:44:07.838Z] POST /login - session: null
[2026-08-02T06:44:07.935Z] GET /csrf-token - session: {"id":154,"name":"test_grf_1785653047287","role":"faculty","mustReset":false}
[2026-08-02T06:44:07.942Z] POST /faculty/marks - session: {"id":154,"name":"test_grf_1785653047287","role":"faculty","mustReset":false}
[2026-08-02T06:44:07.953Z] GET /faculty/course/TG047287/marks?semester=4&year=2025 - session: {"id":154,"name":"test_grf_1785653047287","role":"faculty","mustReset":false}
[2026-08-02T06:44:07.963Z] GET /csrf-token - session: null
[2026-08-02T06:44:07.972Z] POST /login - session: null
[2026-08-02T06:44:08.067Z] GET /student/156/marks - session: {"id":156,"name":"test_gst_1785653047287","role":"student","mustReset":false}
[2026-08-02T07:13:45.813Z] GET /login.html - session: null
[2026-08-02T08:02:00.236Z] GET /csrf-token - session: null
[2026-08-02T08:02:00.263Z] POST /login - session: null
[2026-08-02T08:02:00.373Z] GET /csrf-token - session: null
[2026-08-02T08:02:00.387Z] POST /login - session: null
[2026-08-02T08:02:00.521Z] GET /csrf-token - session: null
[2026-08-02T08:02:00.533Z] POST /login - session: null
[2026-08-02T08:02:00.720Z] GET /csrf-token - session: null
[2026-08-02T08:02:00.733Z] POST /login - session: null
[2026-08-02T08:02:00.829Z] GET /csrf-token - session: null
[2026-08-02T08:02:00.842Z] POST /login - session: null
[2026-08-02T08:02:00.935Z] GET /csrf-token - session: null
[2026-08-02T08:02:00.945Z] POST /login - session: null
[2026-08-02T08:02:01.038Z] GET /csrf-token - session: null
[2026-08-02T08:02:01.048Z] POST /login - session: null
[2026-08-02T08:02:01.143Z] GET /csrf-token - session: null
[2026-08-02T08:02:01.153Z] POST /login - session: null
[2026-08-02T08:02:01.263Z] GET /csrf-token - session: null
[2026-08-02T08:02:01.275Z] POST /login - session: null
[2026-08-02T08:02:01.952Z] GET /csrf-token - session: null
[2026-08-02T08:02:01.964Z] POST /login - session: null
[2026-08-02T08:02:02.057Z] GET /csrf-token - session: {"id":160,"name":"test_grf2_1785657721650","role":"faculty","mustReset":false}
[2026-08-02T08:02:02.064Z] POST /faculty/marks - session: {"id":160,"name":"test_grf2_1785657721650","role":"faculty","mustReset":false}
[2026-08-02T08:02:02.075Z] GET /csrf-token - session: null
[2026-08-02T08:02:02.084Z] POST /login - session: null
[2026-08-02T08:02:02.177Z] GET /csrf-token - session: {"id":159,"name":"test_grf_1785657721650","role":"faculty","mustReset":false}
[2026-08-02T08:02:02.186Z] POST /faculty/marks - session: {"id":159,"name":"test_grf_1785657721650","role":"faculty","mustReset":false}
[2026-08-02T08:02:02.197Z] GET /csrf-token - session: null
[2026-08-02T08:02:02.208Z] POST /login - session: null
[2026-08-02T08:02:02.300Z] GET /csrf-token - session: {"id":159,"name":"test_grf_1785657721650","role":"faculty","mustReset":false}
[2026-08-02T08:02:02.307Z] POST /faculty/marks - session: {"id":159,"name":"test_grf_1785657721650","role":"faculty","mustReset":false}
[2026-08-02T08:02:02.321Z] GET /faculty/course/TG721650/marks?semester=4&year=2025 - session: {"id":159,"name":"test_grf_1785657721650","role":"faculty","mustReset":false}
[2026-08-02T08:02:02.333Z] GET /csrf-token - session: null
[2026-08-02T08:02:02.344Z] POST /login - session: null
[2026-08-02T08:02:02.439Z] GET /student/161/marks - session: {"id":161,"name":"test_gst_1785657721650","role":"student","mustReset":false}
[2026-08-02T08:02:03.052Z] GET /csrf-token - session: null
[2026-08-02T08:02:03.067Z] POST /faculty/attendance - session: null
[2026-08-02T08:02:03.076Z] GET /csrf-token - session: null
[2026-08-02T08:02:03.086Z] POST /login - session: null
[2026-08-02T08:02:03.182Z] GET /csrf-token - session: {"id":162,"name":"test_fac_1785657722833","role":"faculty","mustReset":false}
[2026-08-02T08:02:03.189Z] POST /faculty/attendance - session: {"id":162,"name":"test_fac_1785657722833","role":"faculty","mustReset":false}
[2026-08-02T08:02:03.206Z] GET /csrf-token - session: null
[2026-08-02T08:02:03.217Z] POST /login - session: null
[2026-08-02T08:02:03.311Z] GET /csrf-token - session: {"id":162,"name":"test_fac_1785657722833","role":"faculty","mustReset":false}
[2026-08-02T08:02:03.318Z] POST /faculty/attendance - session: {"id":162,"name":"test_fac_1785657722833","role":"faculty","mustReset":false}
[2026-08-02T08:07:02.444Z] GET /login.html - session: null
[2026-08-02T08:10:08.863Z] GET /login.html - session: null
[2026-08-02T08:10:08.911Z] GET /js/api.js - session: null
[2026-08-02T08:10:09.450Z] GET /login.html - session: null
[2026-08-02T08:10:09.484Z] GET /js/api.js - session: null
[2026-08-02T08:10:09.630Z] GET /login.html - session: null
[2026-08-02T08:10:09.664Z] GET /js/api.js - session: null
[2026-08-02T08:10:09.801Z] GET /login.html - session: null
[2026-08-02T08:10:09.831Z] GET /js/api.js - session: null
[2026-08-02T08:10:09.936Z] GET /login.html - session: null
[2026-08-02T08:10:09.965Z] GET /js/api.js - session: null
[2026-08-02T08:10:20.487Z] GET /csrf-token - session: null
[2026-08-02T08:10:20.504Z] POST /login - session: null
[2026-08-02T08:10:20.645Z] GET /admin.html - session: {"id":16,"name":"admin","role":"admin","mustReset":false}
[2026-08-02T08:10:20.688Z] GET /js/api.js - session: {"id":16,"name":"admin","role":"admin","mustReset":false}
[2026-08-02T08:10:20.691Z] GET /js/notifications.js - session: {"id":16,"name":"admin","role":"admin","mustReset":false}
[2026-08-02T08:10:20.722Z] GET /notifications/unread-count?role=admin&userId=16&deptId= - session: {"id":16,"name":"admin","role":"admin","mustReset":false}
[2026-08-02T08:10:20.741Z] GET /admin/departments - session: {"id":16,"name":"admin","role":"admin","mustReset":false}
[2026-08-02T08:10:20.767Z] GET /admin/departments - session: {"id":16,"name":"admin","role":"admin","mustReset":false}
[2026-08-02T08:10:20.778Z] GET /admin/students?page=1&limit=10 - session: {"id":16,"name":"admin","role":"admin","mustReset":false}
[2026-08-02T08:10:52.732Z] GET /csrf-token - session: {"id":16,"name":"admin","role":"admin","mustReset":false}
[2026-08-02T08:10:52.745Z] POST /admin/upload-pdf - session: {"id":16,"name":"admin","role":"admin","mustReset":false}
[2026-08-02T08:10:54.905Z] ERROR: InvalidAccessKeyId: Malformed Access Key Id
    at ProtocolLib.getErrorSchemaOrThrowBaseException (C:\Users\ktony\Desktop\HTML\Institute-Management-\node_modules\@aws-sdk\core\dist-cjs\submodules\protocols\index.js:68:67)
    at S3RestXmlProtocol.handleError (C:\Users\ktony\Desktop\HTML\Institute-Management-\node_modules\@aws-sdk\core\dist-cjs\submodules\protocols\index.js:2708:65)
    at S3RestXmlProtocol.deserializeResponse (C:\Users\ktony\Desktop\HTML\Institute-Management-\node_modules\@smithy\core\dist-cjs\submodules\protocols\index.js:357:24)
    at process.processTicksAndRejections (node:internal/process/task_queues:104:5)
    at async C:\Users\ktony\Desktop\HTML\Institute-Management-\node_modules\@smithy\core\dist-cjs\submodules\schema\index.js:23:24
    at async C:\Users\ktony\Desktop\HTML\Institute-Management-\node_modules\@aws-sdk\middleware-sdk-s3\dist-cjs\submodules\s3\index.js:365:20
    at async C:\Users\ktony\Desktop\HTML\Institute-Management-\node_modules\@smithy\core\dist-cjs\submodules\retry\index.js:171:50
    at async C:\Users\ktony\Desktop\HTML\Institute-Management-\node_modules\@aws-sdk\checksums\dist-cjs\submodules\flexible-checksums\index.js:234:24
    at async C:\Users\ktony\Desktop\HTML\Institute-Management-\node_modules\@aws-sdk\middleware-sdk-s3\dist-cjs\submodules\s3\index.js:62:28
    at async C:\Users\ktony\Desktop\HTML\Institute-Management-\node_modules\@aws-sdk\middleware-sdk-s3\dist-cjs\submodules\s3\index.js:89:20
[2026-08-02T08:10:54.918Z] POST /api/notifications/send - session: {"id":16,"name":"admin","role":"admin","mustReset":false}
[2026-08-02T08:11:00.661Z] POST /logout - session: {"id":16,"name":"admin","role":"admin","mustReset":false}
[2026-08-02T08:11:00.684Z] GET /login.html - session: null
[2026-08-02T08:11:00.751Z] GET /js/api.js - session: null
[2026-08-02T08:11:10.565Z] GET /csrf-token - session: null
[2026-08-02T08:11:10.575Z] POST /login - session: null
[2026-08-02T08:11:10.688Z] GET /student.html - session: {"id":6,"name":"abhiinay","role":"student","mustReset":false}
[2026-08-02T08:11:10.740Z] GET /js/api.js - session: {"id":6,"name":"abhiinay","role":"student","mustReset":false}
[2026-08-02T08:11:10.741Z] GET /js/notifications.js - session: {"id":6,"name":"abhiinay","role":"student","mustReset":false}
[2026-08-02T08:11:10.767Z] GET /student/6 - session: {"id":6,"name":"abhiinay","role":"student","mustReset":false}
[2026-08-02T08:11:10.769Z] GET /notifications/unread-count?role=student&userId=6&deptId= - session: {"id":6,"name":"abhiinay","role":"student","mustReset":false}
[2026-08-02T08:11:10.797Z] GET /notifications/unread-count?role=student&userId=6&deptId=1 - session: {"id":6,"name":"abhiinay","role":"student","mustReset":false}
[2026-08-02T08:11:10.809Z] GET /student/6/marks - session: {"id":6,"name":"abhiinay","role":"student","mustReset":false}
[2026-08-02T08:11:12.075Z] GET /api/notifications/all?role=student&userId=6&deptId=1 - session: {"id":6,"name":"abhiinay","role":"student","mustReset":false}
[2026-08-02T08:11:14.569Z] GET /csrf-token - session: {"id":6,"name":"abhiinay","role":"student","mustReset":false}
[2026-08-02T08:11:14.583Z] POST /api/notifications/mark-read?role=student&userId=6&deptId=1 - session: {"id":6,"name":"abhiinay","role":"student","mustReset":false}
[2026-08-02T08:11:14.596Z] GET /api/notifications/all?role=student&userId=6&deptId=1 - session: {"id":6,"name":"abhiinay","role":"student","mustReset":false}
[2026-08-02T08:13:06.260Z] GET /csrf-token - session: null
[2026-08-02T08:13:06.279Z] POST /login - session: null
[2026-08-02T08:13:06.351Z] GET /csrf-token - session: null
[2026-08-02T08:13:06.361Z] POST /login - session: null
[2026-08-02T08:13:06.434Z] GET /csrf-token - session: null
[2026-08-02T08:13:06.444Z] POST /login - session: null
[2026-08-02T08:13:06.583Z] GET /csrf-token - session: null
[2026-08-02T08:13:06.591Z] POST /login - session: null
[2026-08-02T08:13:06.662Z] GET /csrf-token - session: null
[2026-08-02T08:13:06.671Z] POST /login - session: null
[2026-08-02T08:13:06.741Z] GET /csrf-token - session: null
[2026-08-02T08:13:06.749Z] POST /login - session: null
[2026-08-02T08:13:06.819Z] GET /csrf-token - session: null
[2026-08-02T08:13:06.829Z] POST /login - session: null
[2026-08-02T08:13:06.900Z] GET /csrf-token - session: null
[2026-08-02T08:13:06.909Z] POST /login - session: null
[2026-08-02T08:13:06.980Z] GET /csrf-token - session: null
[2026-08-02T08:13:06.988Z] POST /login - session: null
[2026-08-02T08:13:07.485Z] GET /csrf-token - session: null
[2026-08-02T08:13:07.496Z] POST /login - session: null
[2026-08-02T08:13:07.567Z] GET /csrf-token - session: {"id":167,"name":"test_grf2_1785658387249","role":"faculty","mustReset":false}
[2026-08-02T08:13:07.573Z] POST /faculty/marks - session: {"id":167,"name":"test_grf2_1785658387249","role":"faculty","mustReset":false}
[2026-08-02T08:13:07.582Z] GET /csrf-token - session: null
[2026-08-02T08:13:07.589Z] POST /login - session: null
[2026-08-02T08:13:07.661Z] GET /csrf-token - session: {"id":166,"name":"test_grf_1785658387249","role":"faculty","mustReset":false}
[2026-08-02T08:13:07.665Z] POST /faculty/marks - session: {"id":166,"name":"test_grf_1785658387249","role":"faculty","mustReset":false}
[2026-08-02T08:13:07.671Z] GET /csrf-token - session: null
[2026-08-02T08:13:07.678Z] POST /login - session: null
[2026-08-02T08:13:07.751Z] GET /csrf-token - session: {"id":166,"name":"test_grf_1785658387249","role":"faculty","mustReset":false}
[2026-08-02T08:13:07.756Z] POST /faculty/marks - session: {"id":166,"name":"test_grf_1785658387249","role":"faculty","mustReset":false}
[2026-08-02T08:13:07.766Z] GET /faculty/course/TG387249/marks?semester=4&year=2025 - session: {"id":166,"name":"test_grf_1785658387249","role":"faculty","mustReset":false}
[2026-08-02T08:13:07.773Z] GET /csrf-token - session: null
[2026-08-02T08:13:07.783Z] POST /login - session: null
[2026-08-02T08:13:07.855Z] GET /student/168/marks - session: {"id":168,"name":"test_gst_1785658387249","role":"student","mustReset":false}
[2026-08-02T08:13:08.273Z] GET /csrf-token - session: null
[2026-08-02T08:13:08.283Z] POST /faculty/attendance - session: null
[2026-08-02T08:13:08.288Z] GET /csrf-token - session: null
[2026-08-02T08:13:08.296Z] POST /login - session: null
[2026-08-02T08:13:08.367Z] GET /csrf-token - session: {"id":169,"name":"test_fac_1785658388103","role":"faculty","mustReset":false}
[2026-08-02T08:13:08.372Z] POST /faculty/attendance - session: {"id":169,"name":"test_fac_1785658388103","role":"faculty","mustReset":false}
[2026-08-02T08:13:08.385Z] GET /csrf-token - session: null
[2026-08-02T08:13:08.393Z] POST /login - session: null
[2026-08-02T08:13:08.465Z] GET /csrf-token - session: {"id":169,"name":"test_fac_1785658388103","role":"faculty","mustReset":false}
[2026-08-02T08:13:08.470Z] POST /faculty/attendance - session: {"id":169,"name":"test_fac_1785658388103","role":"faculty","mustReset":false}
[2026-08-02T08:18:34.561Z] POST /logout - session: {"id":6,"name":"abhiinay","role":"student","mustReset":false}
[2026-08-02T08:18:34.607Z] GET /login.html - session: null
[2026-08-02T08:18:34.681Z] GET /js/api.js - session: null
[2026-08-02T08:18:40.885Z] GET /csrf-token - session: null
[2026-08-02T08:18:40.909Z] POST /login - session: null
[2026-08-02T08:18:41.218Z] GET /admin.html - session: {"id":16,"name":"admin","role":"admin","mustReset":false}
[2026-08-02T08:18:41.268Z] GET /js/api.js - session: {"id":16,"name":"admin","role":"admin","mustReset":false}
[2026-08-02T08:18:41.279Z] GET /js/notifications.js - session: {"id":16,"name":"admin","role":"admin","mustReset":false}
[2026-08-02T08:18:41.300Z] GET /notifications/unread-count?role=admin&userId=16&deptId= - session: {"id":16,"name":"admin","role":"admin","mustReset":false}
[2026-08-02T08:18:41.319Z] GET /admin/departments - session: {"id":16,"name":"admin","role":"admin","mustReset":false}
[2026-08-02T08:18:41.345Z] GET /admin/departments - session: {"id":16,"name":"admin","role":"admin","mustReset":false}
[2026-08-02T08:18:41.363Z] GET /admin/students?page=1&limit=10 - session: {"id":16,"name":"admin","role":"admin","mustReset":false}
[2026-08-02T08:18:55.462Z] GET /csrf-token - session: {"id":16,"name":"admin","role":"admin","mustReset":false}
[2026-08-02T08:18:55.478Z] POST /admin/upload-pdf - session: {"id":16,"name":"admin","role":"admin","mustReset":false}
[2026-08-02T08:18:58.970Z] ERROR: AccessDenied: Signature validation failed
    at S3RestXmlProtocol.handleError (C:\Users\ktony\Desktop\HTML\Institute-Management-\node_modules\@aws-sdk\core\dist-cjs\submodules\protocols\index.js:2716:27)
    at process.processTicksAndRejections (node:internal/process/task_queues:104:5)
    at async S3RestXmlProtocol.deserializeResponse (C:\Users\ktony\Desktop\HTML\Institute-Management-\node_modules\@smithy\core\dist-cjs\submodules\protocols\index.js:357:13)
    at async C:\Users\ktony\Desktop\HTML\Institute-Management-\node_modules\@smithy\core\dist-cjs\submodules\schema\index.js:23:24
    at async C:\Users\ktony\Desktop\HTML\Institute-Management-\node_modules\@aws-sdk\middleware-sdk-s3\dist-cjs\submodules\s3\index.js:365:20
    at async C:\Users\ktony\Desktop\HTML\Institute-Management-\node_modules\@smithy\core\dist-cjs\submodules\retry\index.js:171:50
    at async C:\Users\ktony\Desktop\HTML\Institute-Management-\node_modules\@aws-sdk\checksums\dist-cjs\submodules\flexible-checksums\index.js:234:24
    at async C:\Users\ktony\Desktop\HTML\Institute-Management-\node_modules\@aws-sdk\middleware-sdk-s3\dist-cjs\submodules\s3\index.js:62:28
    at async C:\Users\ktony\Desktop\HTML\Institute-Management-\node_modules\@aws-sdk\middleware-sdk-s3\dist-cjs\submodules\s3\index.js:89:20
    at async C:\Users\ktony\Desktop\HTML\Institute-Management-\node_modules\@aws-sdk\core\dist-cjs\submodules\client\index.js:125:26
[2026-08-02T08:20:40.649Z] GET /csrf-token - session: null
[2026-08-02T08:20:40.675Z] POST /login - session: null
[2026-08-02T08:20:40.769Z] GET /csrf-token - session: null
[2026-08-02T08:20:40.779Z] POST /login - session: null
[2026-08-02T08:20:40.888Z] GET /csrf-token - session: null
[2026-08-02T08:20:40.898Z] POST /login - session: null
[2026-08-02T08:20:41.082Z] GET /csrf-token - session: null
[2026-08-02T08:20:41.091Z] POST /login - session: null
[2026-08-02T08:20:41.184Z] GET /csrf-token - session: null
[2026-08-02T08:20:41.194Z] POST /login - session: null
[2026-08-02T08:20:41.283Z] GET /csrf-token - session: null
[2026-08-02T08:20:41.294Z] POST /login - session: null
[2026-08-02T08:20:41.384Z] GET /csrf-token - session: null
[2026-08-02T08:20:41.394Z] POST /login - session: null
[2026-08-02T08:20:41.485Z] GET /csrf-token - session: null
[2026-08-02T08:20:41.494Z] POST /login - session: null
[2026-08-02T08:20:41.586Z] GET /csrf-token - session: null
[2026-08-02T08:20:41.594Z] POST /login - session: null
[2026-08-02T08:20:42.251Z] GET /csrf-token - session: null
[2026-08-02T08:20:42.265Z] POST /login - session: null
[2026-08-02T08:20:42.355Z] GET /csrf-token - session: {"id":174,"name":"test_grf2_1785658841958","role":"faculty","mustReset":false}
[2026-08-02T08:20:42.361Z] POST /faculty/marks - session: {"id":174,"name":"test_grf2_1785658841958","role":"faculty","mustReset":false}
[2026-08-02T08:20:42.371Z] GET /csrf-token - session: null
[2026-08-02T08:20:42.380Z] POST /login - session: null
[2026-08-02T08:20:42.469Z] GET /csrf-token - session: {"id":173,"name":"test_grf_1785658841958","role":"faculty","mustReset":false}
[2026-08-02T08:20:42.475Z] POST /faculty/marks - session: {"id":173,"name":"test_grf_1785658841958","role":"faculty","mustReset":false}
[2026-08-02T08:20:42.483Z] GET /csrf-token - session: null
[2026-08-02T08:20:42.492Z] POST /login - session: null
[2026-08-02T08:20:42.584Z] GET /csrf-token - session: {"id":173,"name":"test_grf_1785658841958","role":"faculty","mustReset":false}
[2026-08-02T08:20:42.590Z] POST /faculty/marks - session: {"id":173,"name":"test_grf_1785658841958","role":"faculty","mustReset":false}
[2026-08-02T08:20:42.602Z] GET /faculty/course/TG841958/marks?semester=4&year=2025 - session: {"id":173,"name":"test_grf_1785658841958","role":"faculty","mustReset":false}
[2026-08-02T08:20:42.611Z] GET /csrf-token - session: null
[2026-08-02T08:20:42.620Z] POST /login - session: null
[2026-08-02T08:20:42.706Z] GET /student/175/marks - session: {"id":175,"name":"test_gst_1785658841958","role":"student","mustReset":false}
[2026-08-02T08:20:43.239Z] GET /csrf-token - session: null
[2026-08-02T08:20:43.253Z] POST /faculty/attendance - session: null
[2026-08-02T08:20:43.259Z] GET /csrf-token - session: null
[2026-08-02T08:20:43.270Z] POST /login - session: null
[2026-08-02T08:20:43.360Z] GET /csrf-token - session: {"id":176,"name":"test_fac_1785658843044","role":"faculty","mustReset":false}
[2026-08-02T08:20:43.367Z] POST /faculty/attendance - session: {"id":176,"name":"test_fac_1785658843044","role":"faculty","mustReset":false}
[2026-08-02T08:20:43.380Z] GET /csrf-token - session: null
[2026-08-02T08:20:43.390Z] POST /login - session: null
[2026-08-02T08:20:43.480Z] GET /csrf-token - session: {"id":176,"name":"test_fac_1785658843044","role":"faculty","mustReset":false}
[2026-08-02T08:20:43.488Z] POST /faculty/attendance - session: {"id":176,"name":"test_fac_1785658843044","role":"faculty","mustReset":false}
[2026-08-02T08:21:20.960Z] GET /admin.html - session: {"id":16,"name":"admin","role":"admin","mustReset":false}
[2026-08-02T08:21:21.032Z] GET /js/api.js - session: {"id":16,"name":"admin","role":"admin","mustReset":false}
[2026-08-02T08:21:21.041Z] GET /js/notifications.js - session: {"id":16,"name":"admin","role":"admin","mustReset":false}
[2026-08-02T08:21:21.058Z] GET /notifications/unread-count?role=admin&userId=16&deptId= - session: {"id":16,"name":"admin","role":"admin","mustReset":false}
[2026-08-02T08:21:21.085Z] GET /admin/departments - session: {"id":16,"name":"admin","role":"admin","mustReset":false}
[2026-08-02T08:21:21.111Z] GET /admin/departments - session: {"id":16,"name":"admin","role":"admin","mustReset":false}
[2026-08-02T08:21:21.130Z] GET /admin/students?page=1&limit=10 - session: {"id":16,"name":"admin","role":"admin","mustReset":false}
[2026-08-02T08:21:36.833Z] GET /csrf-token - session: {"id":16,"name":"admin","role":"admin","mustReset":false}
[2026-08-02T08:21:36.851Z] POST /admin/upload-pdf - session: {"id":16,"name":"admin","role":"admin","mustReset":false}
[2026-08-02T08:21:40.062Z] ERROR: AccessDenied: Signature validation failed
    at S3RestXmlProtocol.handleError (C:\Users\ktony\Desktop\HTML\Institute-Management-\node_modules\@aws-sdk\core\dist-cjs\submodules\protocols\index.js:2716:27)
    at process.processTicksAndRejections (node:internal/process/task_queues:104:5)
    at async S3RestXmlProtocol.deserializeResponse (C:\Users\ktony\Desktop\HTML\Institute-Management-\node_modules\@smithy\core\dist-cjs\submodules\protocols\index.js:357:13)
    at async C:\Users\ktony\Desktop\HTML\Institute-Management-\node_modules\@smithy\core\dist-cjs\submodules\schema\index.js:23:24
    at async C:\Users\ktony\Desktop\HTML\Institute-Management-\node_modules\@aws-sdk\middleware-sdk-s3\dist-cjs\submodules\s3\index.js:365:20
    at async C:\Users\ktony\Desktop\HTML\Institute-Management-\node_modules\@smithy\core\dist-cjs\submodules\retry\index.js:171:50
    at async C:\Users\ktony\Desktop\HTML\Institute-Management-\node_modules\@aws-sdk\checksums\dist-cjs\submodules\flexible-checksums\index.js:234:24
    at async C:\Users\ktony\Desktop\HTML\Institute-Management-\node_modules\@aws-sdk\middleware-sdk-s3\dist-cjs\submodules\s3\index.js:62:28
    at async C:\Users\ktony\Desktop\HTML\Institute-Management-\node_modules\@aws-sdk\middleware-sdk-s3\dist-cjs\submodules\s3\index.js:89:20
    at async C:\Users\ktony\Desktop\HTML\Institute-Management-\node_modules\@aws-sdk\core\dist-cjs\submodules\client\index.js:125:26
[2026-08-02T08:21:54.242Z] POST /logout - session: {"id":16,"name":"admin","role":"admin","mustReset":false}
[2026-08-02T08:21:54.290Z] GET /login.html - session: null
[2026-08-02T08:21:54.356Z] GET /js/api.js - session: null
[2026-08-02T08:22:00.221Z] GET /csrf-token - session: null
[2026-08-02T08:22:00.246Z] POST /login - session: null
[2026-08-02T08:22:00.578Z] GET /admin.html - session: {"id":16,"name":"admin","role":"admin","mustReset":false}
[2026-08-02T08:22:00.627Z] GET /js/api.js - session: {"id":16,"name":"admin","role":"admin","mustReset":false}
[2026-08-02T08:22:00.632Z] GET /js/notifications.js - session: {"id":16,"name":"admin","role":"admin","mustReset":false}
[2026-08-02T08:22:00.663Z] GET /notifications/unread-count?role=admin&userId=16&deptId= - session: {"id":16,"name":"admin","role":"admin","mustReset":false}
[2026-08-02T08:22:00.678Z] GET /admin/departments - session: {"id":16,"name":"admin","role":"admin","mustReset":false}
[2026-08-02T08:22:00.696Z] GET /admin/departments - session: {"id":16,"name":"admin","role":"admin","mustReset":false}
[2026-08-02T08:22:00.713Z] GET /admin/students?page=1&limit=10 - session: {"id":16,"name":"admin","role":"admin","mustReset":false}
[2026-08-02T08:22:09.275Z] GET /csrf-token - session: {"id":16,"name":"admin","role":"admin","mustReset":false}
[2026-08-02T08:22:09.304Z] POST /admin/upload-pdf - session: {"id":16,"name":"admin","role":"admin","mustReset":false}
[2026-08-02T08:22:12.559Z] ERROR: AccessDenied: Signature validation failed
    at S3RestXmlProtocol.handleError (C:\Users\ktony\Desktop\HTML\Institute-Management-\node_modules\@aws-sdk\core\dist-cjs\submodules\protocols\index.js:2716:27)
    at process.processTicksAndRejections (node:internal/process/task_queues:104:5)
    at async S3RestXmlProtocol.deserializeResponse (C:\Users\ktony\Desktop\HTML\Institute-Management-\node_modules\@smithy\core\dist-cjs\submodules\protocols\index.js:357:13)
    at async C:\Users\ktony\Desktop\HTML\Institute-Management-\node_modules\@smithy\core\dist-cjs\submodules\schema\index.js:23:24
    at async C:\Users\ktony\Desktop\HTML\Institute-Management-\node_modules\@aws-sdk\middleware-sdk-s3\dist-cjs\submodules\s3\index.js:365:20
    at async C:\Users\ktony\Desktop\HTML\Institute-Management-\node_modules\@smithy\core\dist-cjs\submodules\retry\index.js:171:50
    at async C:\Users\ktony\Desktop\HTML\Institute-Management-\node_modules\@aws-sdk\checksums\dist-cjs\submodules\flexible-checksums\index.js:234:24
    at async C:\Users\ktony\Desktop\HTML\Institute-Management-\node_modules\@aws-sdk\middleware-sdk-s3\dist-cjs\submodules\s3\index.js:62:28
    at async C:\Users\ktony\Desktop\HTML\Institute-Management-\node_modules\@aws-sdk\middleware-sdk-s3\dist-cjs\submodules\s3\index.js:89:20
    at async C:\Users\ktony\Desktop\HTML\Institute-Management-\node_modules\@aws-sdk\core\dist-cjs\submodules\client\index.js:125:26
[2026-08-02T08:23:10.298Z] GET /csrf-token - session: null
[2026-08-02T08:23:10.323Z] POST /login - session: null
[2026-08-02T08:23:10.425Z] GET /csrf-token - session: null
[2026-08-02T08:23:10.444Z] POST /login - session: null
[2026-08-02T08:23:10.540Z] GET /csrf-token - session: null
[2026-08-02T08:23:10.554Z] POST /login - session: null
[2026-08-02T08:23:10.775Z] GET /csrf-token - session: null
[2026-08-02T08:23:10.785Z] POST /login - session: null
[2026-08-02T08:23:10.875Z] GET /csrf-token - session: null
[2026-08-02T08:23:10.885Z] POST /login - session: null
[2026-08-02T08:23:11.017Z] GET /csrf-token - session: null
[2026-08-02T08:23:11.026Z] POST /login - session: null
[2026-08-02T08:23:11.122Z] GET /csrf-token - session: null
[2026-08-02T08:23:11.133Z] POST /login - session: null
[2026-08-02T08:23:11.222Z] GET /csrf-token - session: null
[2026-08-02T08:23:11.232Z] POST /login - session: null
[2026-08-02T08:23:11.325Z] GET /csrf-token - session: null
[2026-08-02T08:23:11.334Z] POST /login - session: null
[2026-08-02T08:23:11.942Z] GET /csrf-token - session: null
[2026-08-02T08:23:11.952Z] POST /login - session: null
[2026-08-02T08:23:12.043Z] GET /csrf-token - session: {"id":181,"name":"test_grf2_1785658991663","role":"faculty","mustReset":false}
[2026-08-02T08:23:12.050Z] POST /faculty/marks - session: {"id":181,"name":"test_grf2_1785658991663","role":"faculty","mustReset":false}
[2026-08-02T08:23:12.058Z] GET /csrf-token - session: null
[2026-08-02T08:23:12.066Z] POST /login - session: null
[2026-08-02T08:23:12.154Z] GET /csrf-token - session: {"id":180,"name":"test_grf_1785658991663","role":"faculty","mustReset":false}
[2026-08-02T08:23:12.160Z] POST /faculty/marks - session: {"id":180,"name":"test_grf_1785658991663","role":"faculty","mustReset":false}
[2026-08-02T08:23:12.167Z] GET /csrf-token - session: null
[2026-08-02T08:23:12.175Z] POST /login - session: null
[2026-08-02T08:23:12.267Z] GET /csrf-token - session: {"id":180,"name":"test_grf_1785658991663","role":"faculty","mustReset":false}
[2026-08-02T08:23:12.273Z] POST /faculty/marks - session: {"id":180,"name":"test_grf_1785658991663","role":"faculty","mustReset":false}
[2026-08-02T08:23:12.284Z] GET /faculty/course/TG991663/marks?semester=4&year=2025 - session: {"id":180,"name":"test_grf_1785658991663","role":"faculty","mustReset":false}
[2026-08-02T08:23:12.293Z] GET /csrf-token - session: null
[2026-08-02T08:23:12.303Z] POST /login - session: null
[2026-08-02T08:23:12.396Z] GET /student/182/marks - session: {"id":182,"name":"test_gst_1785658991663","role":"student","mustReset":false}
[2026-08-02T08:23:12.999Z] GET /csrf-token - session: null
[2026-08-02T08:23:13.013Z] POST /faculty/attendance - session: null
[2026-08-02T08:23:13.019Z] GET /csrf-token - session: null
[2026-08-02T08:23:13.027Z] POST /login - session: null
[2026-08-02T08:23:13.116Z] GET /csrf-token - session: {"id":183,"name":"test_fac_1785658992804","role":"faculty","mustReset":false}
[2026-08-02T08:23:13.122Z] POST /faculty/attendance - session: {"id":183,"name":"test_fac_1785658992804","role":"faculty","mustReset":false}
[2026-08-02T08:23:13.137Z] GET /csrf-token - session: null
[2026-08-02T08:23:13.145Z] POST /login - session: null
[2026-08-02T08:23:13.234Z] GET /csrf-token - session: {"id":183,"name":"test_fac_1785658992804","role":"faculty","mustReset":false}
[2026-08-02T08:23:13.240Z] POST /faculty/attendance - session: {"id":183,"name":"test_fac_1785658992804","role":"faculty","mustReset":false}
[2026-08-02T08:23:39.708Z] GET /admin.html - session: {"id":16,"name":"admin","role":"admin","mustReset":false}
[2026-08-02T08:23:39.776Z] GET /js/api.js - session: {"id":16,"name":"admin","role":"admin","mustReset":false}
[2026-08-02T08:23:39.785Z] GET /js/notifications.js - session: {"id":16,"name":"admin","role":"admin","mustReset":false}
[2026-08-02T08:23:39.803Z] GET /notifications/unread-count?role=admin&userId=16&deptId= - session: {"id":16,"name":"admin","role":"admin","mustReset":false}
[2026-08-02T08:23:39.831Z] GET /admin/departments - session: {"id":16,"name":"admin","role":"admin","mustReset":false}
[2026-08-02T08:23:39.858Z] GET /admin/departments - session: {"id":16,"name":"admin","role":"admin","mustReset":false}
[2026-08-02T08:23:39.875Z] GET /admin/students?page=1&limit=10 - session: {"id":16,"name":"admin","role":"admin","mustReset":false}
[2026-08-02T08:23:40.271Z] GET /admin.html - session: {"id":16,"name":"admin","role":"admin","mustReset":false}
[2026-08-02T08:23:40.317Z] GET /js/api.js - session: {"id":16,"name":"admin","role":"admin","mustReset":false}
[2026-08-02T08:23:40.321Z] GET /js/notifications.js - session: {"id":16,"name":"admin","role":"admin","mustReset":false}
[2026-08-02T08:23:40.354Z] GET /notifications/unread-count?role=admin&userId=16&deptId= - session: {"id":16,"name":"admin","role":"admin","mustReset":false}
[2026-08-02T08:23:40.365Z] GET /admin/departments - session: {"id":16,"name":"admin","role":"admin","mustReset":false}
[2026-08-02T08:23:40.383Z] GET /admin/departments - session: {"id":16,"name":"admin","role":"admin","mustReset":false}
[2026-08-02T08:23:40.400Z] GET /admin/students?page=1&limit=10 - session: {"id":16,"name":"admin","role":"admin","mustReset":false}
[2026-08-02T08:23:40.437Z] GET /admin.html - session: {"id":16,"name":"admin","role":"admin","mustReset":false}
[2026-08-02T08:23:40.483Z] GET /js/api.js - session: {"id":16,"name":"admin","role":"admin","mustReset":false}
[2026-08-02T08:23:40.491Z] GET /js/notifications.js - session: {"id":16,"name":"admin","role":"admin","mustReset":false}
[2026-08-02T08:23:40.506Z] GET /notifications/unread-count?role=admin&userId=16&deptId= - session: {"id":16,"name":"admin","role":"admin","mustReset":false}
[2026-08-02T08:23:40.522Z] GET /admin/departments - session: {"id":16,"name":"admin","role":"admin","mustReset":false}
[2026-08-02T08:23:40.544Z] GET /admin/departments - session: {"id":16,"name":"admin","role":"admin","mustReset":false}
[2026-08-02T08:23:40.558Z] GET /admin/students?page=1&limit=10 - session: {"id":16,"name":"admin","role":"admin","mustReset":false}
[2026-08-02T08:23:40.592Z] GET /admin.html - session: {"id":16,"name":"admin","role":"admin","mustReset":false}
[2026-08-02T08:23:40.638Z] GET /js/api.js - session: {"id":16,"name":"admin","role":"admin","mustReset":false}
[2026-08-02T08:23:40.642Z] GET /js/notifications.js - session: {"id":16,"name":"admin","role":"admin","mustReset":false}
[2026-08-02T08:23:40.657Z] GET /notifications/unread-count?role=admin&userId=16&deptId= - session: {"id":16,"name":"admin","role":"admin","mustReset":false}
[2026-08-02T08:23:40.673Z] GET /admin/departments - session: {"id":16,"name":"admin","role":"admin","mustReset":false}
[2026-08-02T08:23:40.692Z] GET /admin/departments - session: {"id":16,"name":"admin","role":"admin","mustReset":false}
[2026-08-02T08:23:40.706Z] GET /admin/students?page=1&limit=10 - session: {"id":16,"name":"admin","role":"admin","mustReset":false}
[2026-08-02T08:23:40.746Z] GET /admin.html - session: {"id":16,"name":"admin","role":"admin","mustReset":false}
[2026-08-02T08:23:40.793Z] GET /js/api.js - session: {"id":16,"name":"admin","role":"admin","mustReset":false}
[2026-08-02T08:23:40.801Z] GET /js/notifications.js - session: {"id":16,"name":"admin","role":"admin","mustReset":false}
[2026-08-02T08:23:40.817Z] GET /notifications/unread-count?role=admin&userId=16&deptId= - session: {"id":16,"name":"admin","role":"admin","mustReset":false}
[2026-08-02T08:23:40.832Z] GET /admin/departments - session: {"id":16,"name":"admin","role":"admin","mustReset":false}
[2026-08-02T08:23:40.848Z] GET /admin/departments - session: {"id":16,"name":"admin","role":"admin","mustReset":false}
[2026-08-02T08:23:40.862Z] GET /admin/students?page=1&limit=10 - session: {"id":16,"name":"admin","role":"admin","mustReset":false}
[2026-08-02T08:23:40.906Z] GET /admin.html - session: {"id":16,"name":"admin","role":"admin","mustReset":false}
[2026-08-02T08:23:40.949Z] GET /js/api.js - session: {"id":16,"name":"admin","role":"admin","mustReset":false}
[2026-08-02T08:23:40.957Z] GET /js/notifications.js - session: {"id":16,"name":"admin","role":"admin","mustReset":false}
[2026-08-02T08:23:40.978Z] GET /notifications/unread-count?role=admin&userId=16&deptId= - session: {"id":16,"name":"admin","role":"admin","mustReset":false}
[2026-08-02T08:23:40.992Z] GET /admin/departments - session: {"id":16,"name":"admin","role":"admin","mustReset":false}
[2026-08-02T08:23:41.011Z] GET /admin/departments - session: {"id":16,"name":"admin","role":"admin","mustReset":false}
[2026-08-02T08:23:41.027Z] GET /admin/students?page=1&limit=10 - session: {"id":16,"name":"admin","role":"admin","mustReset":false}
[2026-08-02T08:23:41.158Z] GET /admin.html - session: {"id":16,"name":"admin","role":"admin","mustReset":false}
[2026-08-02T08:23:41.203Z] GET /js/api.js - session: {"id":16,"name":"admin","role":"admin","mustReset":false}
[2026-08-02T08:23:41.210Z] GET /js/notifications.js - session: {"id":16,"name":"admin","role":"admin","mustReset":false}
[2026-08-02T08:23:41.227Z] GET /notifications/unread-count?role=admin&userId=16&deptId= - session: {"id":16,"name":"admin","role":"admin","mustReset":false}
[2026-08-02T08:23:41.240Z] GET /admin/departments - session: {"id":16,"name":"admin","role":"admin","mustReset":false}
[2026-08-02T08:23:41.259Z] GET /admin/departments - session: {"id":16,"name":"admin","role":"admin","mustReset":false}
[2026-08-02T08:23:41.274Z] GET /admin/students?page=1&limit=10 - session: {"id":16,"name":"admin","role":"admin","mustReset":false}
[2026-08-02T08:23:41.307Z] GET /admin.html - session: {"id":16,"name":"admin","role":"admin","mustReset":false}
[2026-08-02T08:23:41.357Z] GET /js/api.js - session: {"id":16,"name":"admin","role":"admin","mustReset":false}
[2026-08-02T08:23:41.359Z] GET /js/notifications.js - session: {"id":16,"name":"admin","role":"admin","mustReset":false}
[2026-08-02T08:23:41.376Z] GET /notifications/unread-count?role=admin&userId=16&deptId= - session: {"id":16,"name":"admin","role":"admin","mustReset":false}
[2026-08-02T08:23:41.390Z] GET /admin/departments - session: {"id":16,"name":"admin","role":"admin","mustReset":false}
[2026-08-02T08:23:41.413Z] GET /admin/departments - session: {"id":16,"name":"admin","role":"admin","mustReset":false}
[2026-08-02T08:23:41.427Z] GET /admin/students?page=1&limit=10 - session: {"id":16,"name":"admin","role":"admin","mustReset":false}
[2026-08-02T08:23:50.627Z] GET /csrf-token - session: {"id":16,"name":"admin","role":"admin","mustReset":false}
[2026-08-02T08:23:50.650Z] POST /admin/upload-pdf - session: {"id":16,"name":"admin","role":"admin","mustReset":false}
[2026-08-02T08:23:53.878Z] ERROR: AccessDenied: Signature validation failed
    at S3RestXmlProtocol.handleError (C:\Users\ktony\Desktop\HTML\Institute-Management-\node_modules\@aws-sdk\core\dist-cjs\submodules\protocols\index.js:2716:27)
    at process.processTicksAndRejections (node:internal/process/task_queues:104:5)
    at async S3RestXmlProtocol.deserializeResponse (C:\Users\ktony\Desktop\HTML\Institute-Management-\node_modules\@smithy\core\dist-cjs\submodules\protocols\index.js:357:13)
    at async C:\Users\ktony\Desktop\HTML\Institute-Management-\node_modules\@smithy\core\dist-cjs\submodules\schema\index.js:23:24
    at async C:\Users\ktony\Desktop\HTML\Institute-Management-\node_modules\@aws-sdk\middleware-sdk-s3\dist-cjs\submodules\s3\index.js:365:20
    at async C:\Users\ktony\Desktop\HTML\Institute-Management-\node_modules\@smithy\core\dist-cjs\submodules\retry\index.js:171:50
    at async C:\Users\ktony\Desktop\HTML\Institute-Management-\node_modules\@aws-sdk\checksums\dist-cjs\submodules\flexible-checksums\index.js:234:24
    at async C:\Users\ktony\Desktop\HTML\Institute-Management-\node_modules\@aws-sdk\middleware-sdk-s3\dist-cjs\submodules\s3\index.js:62:28
    at async C:\Users\ktony\Desktop\HTML\Institute-Management-\node_modules\@aws-sdk\middleware-sdk-s3\dist-cjs\submodules\s3\index.js:89:20
    at async C:\Users\ktony\Desktop\HTML\Institute-Management-\node_modules\@aws-sdk\core\dist-cjs\submodules\client\index.js:125:26
[2026-08-02T08:26:40.810Z] GET /csrf-token - session: null
[2026-08-02T08:26:40.834Z] POST /login - session: null
[2026-08-02T08:26:40.921Z] GET /csrf-token - session: null
[2026-08-02T08:26:40.931Z] POST /login - session: null
[2026-08-02T08:26:41.029Z] GET /csrf-token - session: null
[2026-08-02T08:26:41.039Z] POST /login - session: null
[2026-08-02T08:26:41.218Z] GET /csrf-token - session: null
[2026-08-02T08:26:41.228Z] POST /login - session: null
[2026-08-02T08:26:41.317Z] GET /csrf-token - session: null
[2026-08-02T08:26:41.328Z] POST /login - session: null
[2026-08-02T08:26:41.421Z] GET /csrf-token - session: null
[2026-08-02T08:26:41.431Z] POST /login - session: null
[2026-08-02T08:26:41.535Z] GET /csrf-token - session: null
[2026-08-02T08:26:41.545Z] POST /login - session: null
[2026-08-02T08:26:41.633Z] GET /csrf-token - session: null
[2026-08-02T08:26:41.643Z] POST /login - session: null
[2026-08-02T08:26:41.730Z] GET /csrf-token - session: null
[2026-08-02T08:26:41.739Z] POST /login - session: null
[2026-08-02T08:26:42.313Z] GET /csrf-token - session: null
[2026-08-02T08:26:42.323Z] POST /login - session: null
[2026-08-02T08:26:42.413Z] GET /csrf-token - session: {"id":188,"name":"test_grf2_1785659202039","role":"faculty","mustReset":false}
[2026-08-02T08:26:42.420Z] POST /faculty/marks - session: {"id":188,"name":"test_grf2_1785659202039","role":"faculty","mustReset":false}
[2026-08-02T08:26:42.430Z] GET /csrf-token - session: null
[2026-08-02T08:26:42.439Z] POST /login - session: null
[2026-08-02T08:26:42.526Z] GET /csrf-token - session: {"id":187,"name":"test_grf_1785659202039","role":"faculty","mustReset":false}
[2026-08-02T08:26:42.533Z] POST /faculty/marks - session: {"id":187,"name":"test_grf_1785659202039","role":"faculty","mustReset":false}
[2026-08-02T08:26:42.540Z] GET /csrf-token - session: null
[2026-08-02T08:26:42.550Z] POST /login - session: null
[2026-08-02T08:26:42.639Z] GET /csrf-token - session: {"id":187,"name":"test_grf_1785659202039","role":"faculty","mustReset":false}
[2026-08-02T08:26:42.646Z] POST /faculty/marks - session: {"id":187,"name":"test_grf_1785659202039","role":"faculty","mustReset":false}
[2026-08-02T08:26:42.657Z] GET /faculty/course/TG202039/marks?semester=4&year=2025 - session: {"id":187,"name":"test_grf_1785659202039","role":"faculty","mustReset":false}
[2026-08-02T08:26:42.666Z] GET /csrf-token - session: null
[2026-08-02T08:26:42.674Z] POST /login - session: null
[2026-08-02T08:26:42.763Z] GET /student/189/marks - session: {"id":189,"name":"test_gst_1785659202039","role":"student","mustReset":false}
[2026-08-02T08:26:43.243Z] GET /csrf-token - session: null
[2026-08-02T08:26:43.255Z] POST /faculty/attendance - session: null
[2026-08-02T08:26:43.263Z] GET /csrf-token - session: null
[2026-08-02T08:26:43.272Z] POST /login - session: null
[2026-08-02T08:26:43.359Z] GET /csrf-token - session: {"id":190,"name":"test_fac_1785659203048","role":"faculty","mustReset":false}
[2026-08-02T08:26:43.365Z] POST /faculty/attendance - session: {"id":190,"name":"test_fac_1785659203048","role":"faculty","mustReset":false}
[2026-08-02T08:26:43.378Z] GET /csrf-token - session: null
[2026-08-02T08:26:43.386Z] POST /login - session: null
[2026-08-02T08:26:43.473Z] GET /csrf-token - session: {"id":190,"name":"test_fac_1785659203048","role":"faculty","mustReset":false}
[2026-08-02T08:26:43.479Z] POST /faculty/attendance - session: {"id":190,"name":"test_fac_1785659203048","role":"faculty","mustReset":false}
[2026-08-02T08:27:14.887Z] GET /admin.html - session: {"id":16,"name":"admin","role":"admin","mustReset":false}
[2026-08-02T08:27:14.954Z] GET /js/api.js - session: {"id":16,"name":"admin","role":"admin","mustReset":false}
[2026-08-02T08:27:14.964Z] GET /js/notifications.js - session: {"id":16,"name":"admin","role":"admin","mustReset":false}
[2026-08-02T08:27:14.985Z] GET /notifications/unread-count?role=admin&userId=16&deptId= - session: {"id":16,"name":"admin","role":"admin","mustReset":false}
[2026-08-02T08:27:15.007Z] GET /admin/departments - session: {"id":16,"name":"admin","role":"admin","mustReset":false}
[2026-08-02T08:27:15.035Z] GET /admin/departments - session: {"id":16,"name":"admin","role":"admin","mustReset":false}
[2026-08-02T08:27:15.049Z] GET /admin/students?page=1&limit=10 - session: {"id":16,"name":"admin","role":"admin","mustReset":false}
[2026-08-02T08:27:15.344Z] GET /admin.html - session: {"id":16,"name":"admin","role":"admin","mustReset":false}
[2026-08-02T08:27:15.380Z] GET /js/api.js - session: {"id":16,"name":"admin","role":"admin","mustReset":false}
[2026-08-02T08:27:15.387Z] GET /js/notifications.js - session: {"id":16,"name":"admin","role":"admin","mustReset":false}
[2026-08-02T08:27:15.416Z] GET /notifications/unread-count?role=admin&userId=16&deptId= - session: {"id":16,"name":"admin","role":"admin","mustReset":false}
[2026-08-02T08:27:15.430Z] GET /admin/departments - session: {"id":16,"name":"admin","role":"admin","mustReset":false}
[2026-08-02T08:27:15.452Z] GET /admin/departments - session: {"id":16,"name":"admin","role":"admin","mustReset":false}
[2026-08-02T08:27:15.468Z] GET /admin/students?page=1&limit=10 - session: {"id":16,"name":"admin","role":"admin","mustReset":false}
[2026-08-02T08:27:15.510Z] GET /admin.html - session: {"id":16,"name":"admin","role":"admin","mustReset":false}
[2026-08-02T08:27:15.552Z] GET /js/api.js - session: {"id":16,"name":"admin","role":"admin","mustReset":false}
[2026-08-02T08:27:15.560Z] GET /js/notifications.js - session: {"id":16,"name":"admin","role":"admin","mustReset":false}
[2026-08-02T08:27:15.572Z] GET /notifications/unread-count?role=admin&userId=16&deptId= - session: {"id":16,"name":"admin","role":"admin","mustReset":false}
[2026-08-02T08:27:15.586Z] GET /admin/departments - session: {"id":16,"name":"admin","role":"admin","mustReset":false}
[2026-08-02T08:27:15.604Z] GET /admin/departments - session: {"id":16,"name":"admin","role":"admin","mustReset":false}
[2026-08-02T08:27:15.619Z] GET /admin/students?page=1&limit=10 - session: {"id":16,"name":"admin","role":"admin","mustReset":false}
[2026-08-02T08:27:15.652Z] GET /admin.html - session: {"id":16,"name":"admin","role":"admin","mustReset":false}
[2026-08-02T08:27:15.694Z] GET /js/api.js - session: {"id":16,"name":"admin","role":"admin","mustReset":false}
[2026-08-02T08:27:15.703Z] GET /js/notifications.js - session: {"id":16,"name":"admin","role":"admin","mustReset":false}
[2026-08-02T08:27:15.717Z] GET /notifications/unread-count?role=admin&userId=16&deptId= - session: {"id":16,"name":"admin","role":"admin","mustReset":false}
[2026-08-02T08:27:15.727Z] GET /admin/departments - session: {"id":16,"name":"admin","role":"admin","mustReset":false}
[2026-08-02T08:27:15.742Z] GET /admin/departments - session: {"id":16,"name":"admin","role":"admin","mustReset":false}
[2026-08-02T08:27:15.756Z] GET /admin/students?page=1&limit=10 - session: {"id":16,"name":"admin","role":"admin","mustReset":false}
[2026-08-02T08:27:15.833Z] GET /admin.html - session: {"id":16,"name":"admin","role":"admin","mustReset":false}
[2026-08-02T08:27:15.879Z] GET /js/api.js - session: {"id":16,"name":"admin","role":"admin","mustReset":false}
[2026-08-02T08:27:15.889Z] GET /js/notifications.js - session: {"id":16,"name":"admin","role":"admin","mustReset":false}
[2026-08-02T08:27:15.908Z] GET /notifications/unread-count?role=admin&userId=16&deptId= - session: {"id":16,"name":"admin","role":"admin","mustReset":false}
[2026-08-02T08:27:15.921Z] GET /admin/departments - session: {"id":16,"name":"admin","role":"admin","mustReset":false}
[2026-08-02T08:27:15.942Z] GET /admin/departments - session: {"id":16,"name":"admin","role":"admin","mustReset":false}
[2026-08-02T08:27:15.960Z] GET /admin/students?page=1&limit=10 - session: {"id":16,"name":"admin","role":"admin","mustReset":false}
[2026-08-02T08:27:16.007Z] GET /admin.html - session: {"id":16,"name":"admin","role":"admin","mustReset":false}
[2026-08-02T08:27:16.046Z] GET /js/api.js - session: {"id":16,"name":"admin","role":"admin","mustReset":false}
[2026-08-02T08:27:16.056Z] GET /js/notifications.js - session: {"id":16,"name":"admin","role":"admin","mustReset":false}
[2026-08-02T08:27:16.070Z] GET /notifications/unread-count?role=admin&userId=16&deptId= - session: {"id":16,"name":"admin","role":"admin","mustReset":false}
[2026-08-02T08:27:16.085Z] GET /admin/departments - session: {"id":16,"name":"admin","role":"admin","mustReset":false}
[2026-08-02T08:27:16.102Z] GET /admin/departments - session: {"id":16,"name":"admin","role":"admin","mustReset":false}
[2026-08-02T08:27:16.116Z] GET /admin/students?page=1&limit=10 - session: {"id":16,"name":"admin","role":"admin","mustReset":false}
[2026-08-02T08:27:31.612Z] GET /csrf-token - session: {"id":16,"name":"admin","role":"admin","mustReset":false}
[2026-08-02T08:27:31.631Z] POST /admin/upload-pdf - session: {"id":16,"name":"admin","role":"admin","mustReset":false}
[2026-08-02T08:27:35.247Z] ERROR: AccessDenied: Signature validation failed
    at S3RestXmlProtocol.handleError (C:\Users\ktony\Desktop\HTML\Institute-Management-\node_modules\@aws-sdk\core\dist-cjs\submodules\protocols\index.js:2716:27)
    at process.processTicksAndRejections (node:internal/process/task_queues:104:5)
    at async S3RestXmlProtocol.deserializeResponse (C:\Users\ktony\Desktop\HTML\Institute-Management-\node_modules\@smithy\core\dist-cjs\submodules\protocols\index.js:357:13)
    at async C:\Users\ktony\Desktop\HTML\Institute-Management-\node_modules\@smithy\core\dist-cjs\submodules\schema\index.js:23:24
    at async C:\Users\ktony\Desktop\HTML\Institute-Management-\node_modules\@aws-sdk\middleware-sdk-s3\dist-cjs\submodules\s3\index.js:365:20
    at async C:\Users\ktony\Desktop\HTML\Institute-Management-\node_modules\@smithy\core\dist-cjs\submodules\retry\index.js:171:50
    at async C:\Users\ktony\Desktop\HTML\Institute-Management-\node_modules\@aws-sdk\checksums\dist-cjs\submodules\flexible-checksums\index.js:234:24
    at async C:\Users\ktony\Desktop\HTML\Institute-Management-\node_modules\@aws-sdk\middleware-sdk-s3\dist-cjs\submodules\s3\index.js:62:28
    at async C:\Users\ktony\Desktop\HTML\Institute-Management-\node_modules\@aws-sdk\middleware-sdk-s3\dist-cjs\submodules\s3\index.js:89:20
    at async C:\Users\ktony\Desktop\HTML\Institute-Management-\node_modules\@aws-sdk\core\dist-cjs\submodules\client\index.js:125:26
[2026-08-02T08:30:51.854Z] GET /admin.html - session: {"id":16,"name":"admin","role":"admin","mustReset":false}
[2026-08-02T08:30:51.896Z] GET /js/api.js - session: {"id":16,"name":"admin","role":"admin","mustReset":false}
[2026-08-02T08:30:51.904Z] GET /js/notifications.js - session: {"id":16,"name":"admin","role":"admin","mustReset":false}
[2026-08-02T08:30:51.916Z] GET /notifications/unread-count?role=admin&userId=16&deptId= - session: {"id":16,"name":"admin","role":"admin","mustReset":false}
[2026-08-02T08:30:51.932Z] GET /admin/departments - session: {"id":16,"name":"admin","role":"admin","mustReset":false}
[2026-08-02T08:30:51.949Z] GET /admin/departments - session: {"id":16,"name":"admin","role":"admin","mustReset":false}
[2026-08-02T08:30:51.961Z] GET /admin/students?page=1&limit=10 - session: {"id":16,"name":"admin","role":"admin","mustReset":false}
[2026-08-02T08:30:52.011Z] GET /admin.html - session: {"id":16,"name":"admin","role":"admin","mustReset":false}
[2026-08-02T08:30:52.040Z] GET /js/api.js - session: {"id":16,"name":"admin","role":"admin","mustReset":false}
[2026-08-02T08:30:52.045Z] GET /js/notifications.js - session: {"id":16,"name":"admin","role":"admin","mustReset":false}
[2026-08-02T08:30:52.066Z] GET /notifications/unread-count?role=admin&userId=16&deptId= - session: {"id":16,"name":"admin","role":"admin","mustReset":false}
[2026-08-02T08:30:52.079Z] GET /admin/departments - session: {"id":16,"name":"admin","role":"admin","mustReset":false}
[2026-08-02T08:30:52.095Z] GET /admin/departments - session: {"id":16,"name":"admin","role":"admin","mustReset":false}
[2026-08-02T08:30:52.105Z] GET /admin/students?page=1&limit=10 - session: {"id":16,"name":"admin","role":"admin","mustReset":false}
[2026-08-02T08:30:52.217Z] GET /admin.html - session: {"id":16,"name":"admin","role":"admin","mustReset":false}
[2026-08-02T08:30:52.267Z] GET /js/api.js - session: {"id":16,"name":"admin","role":"admin","mustReset":false}
[2026-08-02T08:30:52.274Z] GET /js/notifications.js - session: {"id":16,"name":"admin","role":"admin","mustReset":false}
[2026-08-02T08:30:52.283Z] GET /notifications/unread-count?role=admin&userId=16&deptId= - session: {"id":16,"name":"admin","role":"admin","mustReset":false}
[2026-08-02T08:30:52.302Z] GET /admin/departments - session: {"id":16,"name":"admin","role":"admin","mustReset":false}
[2026-08-02T08:30:52.315Z] GET /admin/departments - session: {"id":16,"name":"admin","role":"admin","mustReset":false}
[2026-08-02T08:30:52.326Z] GET /admin/students?page=1&limit=10 - session: {"id":16,"name":"admin","role":"admin","mustReset":false}
[2026-08-02T08:30:52.362Z] GET /admin.html - session: {"id":16,"name":"admin","role":"admin","mustReset":false}
[2026-08-02T08:30:52.391Z] GET /js/api.js - session: {"id":16,"name":"admin","role":"admin","mustReset":false}
[2026-08-02T08:30:52.396Z] GET /js/notifications.js - session: {"id":16,"name":"admin","role":"admin","mustReset":false}
[2026-08-02T08:30:52.415Z] GET /notifications/unread-count?role=admin&userId=16&deptId= - session: {"id":16,"name":"admin","role":"admin","mustReset":false}
[2026-08-02T08:30:52.435Z] GET /admin/departments - session: {"id":16,"name":"admin","role":"admin","mustReset":false}
[2026-08-02T08:30:52.451Z] GET /admin/departments - session: {"id":16,"name":"admin","role":"admin","mustReset":false}
[2026-08-02T08:30:52.462Z] GET /admin/students?page=1&limit=10 - session: {"id":16,"name":"admin","role":"admin","mustReset":false}
[2026-08-02T08:30:52.515Z] GET /admin.html - session: {"id":16,"name":"admin","role":"admin","mustReset":false}
[2026-08-02T08:30:52.559Z] GET /js/api.js - session: {"id":16,"name":"admin","role":"admin","mustReset":false}
[2026-08-02T08:30:52.560Z] GET /js/notifications.js - session: {"id":16,"name":"admin","role":"admin","mustReset":false}
[2026-08-02T08:30:52.573Z] GET /notifications/unread-count?role=admin&userId=16&deptId= - session: {"id":16,"name":"admin","role":"admin","mustReset":false}
[2026-08-02T08:30:52.583Z] GET /admin/departments - session: {"id":16,"name":"admin","role":"admin","mustReset":false}
[2026-08-02T08:30:52.598Z] GET /admin/departments - session: {"id":16,"name":"admin","role":"admin","mustReset":false}
[2026-08-02T08:30:52.610Z] GET /admin/students?page=1&limit=10 - session: {"id":16,"name":"admin","role":"admin","mustReset":false}
[2026-08-02T08:31:02.665Z] GET /csrf-token - session: {"id":16,"name":"admin","role":"admin","mustReset":false}
[2026-08-02T08:31:02.710Z] POST /admin/upload-pdf - session: {"id":16,"name":"admin","role":"admin","mustReset":false}
[2026-08-02T08:31:04.694Z] POST /api/notifications/send - session: {"id":16,"name":"admin","role":"admin","mustReset":false}
[2026-08-02T08:31:07.907Z] POST /logout - session: {"id":16,"name":"admin","role":"admin","mustReset":false}
[2026-08-02T08:31:07.940Z] GET /login.html - session: null
[2026-08-02T08:31:07.988Z] GET /js/api.js - session: null
[2026-08-02T08:31:20.690Z] GET /csrf-token - session: null
[2026-08-02T08:31:20.708Z] POST /login - session: null
[2026-08-02T08:31:20.816Z] GET /student.html - session: {"id":6,"name":"abhiinay","role":"student","mustReset":false}
[2026-08-02T08:31:20.861Z] GET /js/api.js - session: {"id":6,"name":"abhiinay","role":"student","mustReset":false}
[2026-08-02T08:31:20.865Z] GET /js/notifications.js - session: {"id":6,"name":"abhiinay","role":"student","mustReset":false}
[2026-08-02T08:31:20.891Z] GET /student/6 - session: {"id":6,"name":"abhiinay","role":"student","mustReset":false}
[2026-08-02T08:31:20.893Z] GET /notifications/unread-count?role=student&userId=6&deptId= - session: {"id":6,"name":"abhiinay","role":"student","mustReset":false}
[2026-08-02T08:31:20.922Z] GET /notifications/unread-count?role=student&userId=6&deptId=1 - session: {"id":6,"name":"abhiinay","role":"student","mustReset":false}
[2026-08-02T08:31:20.925Z] GET /student/6/marks - session: {"id":6,"name":"abhiinay","role":"student","mustReset":false}
[2026-08-02T08:31:22.020Z] GET /api/notifications/all?role=student&userId=6&deptId=1 - session: {"id":6,"name":"abhiinay","role":"student","mustReset":false}
[2026-08-02T08:31:32.200Z] GET /csrf-token - session: {"id":6,"name":"abhiinay","role":"student","mustReset":false}
[2026-08-02T08:31:32.224Z] POST /api/notifications/mark-read?role=student&userId=6&deptId=1 - session: {"id":6,"name":"abhiinay","role":"student","mustReset":false}
[2026-08-02T08:31:32.236Z] GET /api/notifications/all?role=student&userId=6&deptId=1 - session: {"id":6,"name":"abhiinay","role":"student","mustReset":false}
[2026-08-02T08:34:16.476Z] GET /student.html - session: {"id":6,"name":"abhiinay","role":"student","mustReset":false}
[2026-08-02T08:34:16.528Z] GET /js/api.js - session: {"id":6,"name":"abhiinay","role":"student","mustReset":false}
[2026-08-02T08:34:16.533Z] GET /js/notifications.js - session: {"id":6,"name":"abhiinay","role":"student","mustReset":false}
[2026-08-02T08:34:16.549Z] GET /student/6 - session: {"id":6,"name":"abhiinay","role":"student","mustReset":false}
[2026-08-02T08:34:16.552Z] GET /notifications/unread-count?role=student&userId=6&deptId=1 - session: {"id":6,"name":"abhiinay","role":"student","mustReset":false}
[2026-08-02T08:34:16.589Z] GET /notifications/unread-count?role=student&userId=6&deptId=1 - session: {"id":6,"name":"abhiinay","role":"student","mustReset":false}
[2026-08-02T08:34:16.590Z] GET /student/6/marks - session: {"id":6,"name":"abhiinay","role":"student","mustReset":false}
[2026-08-02T08:34:16.964Z] GET /student.html - session: {"id":6,"name":"abhiinay","role":"student","mustReset":false}
[2026-08-02T08:34:17.005Z] GET /js/api.js - session: {"id":6,"name":"abhiinay","role":"student","mustReset":false}
[2026-08-02T08:34:17.008Z] GET /js/notifications.js - session: {"id":6,"name":"abhiinay","role":"student","mustReset":false}
[2026-08-02T08:34:17.033Z] GET /student/6 - session: {"id":6,"name":"abhiinay","role":"student","mustReset":false}
[2026-08-02T08:34:17.034Z] GET /notifications/unread-count?role=student&userId=6&deptId=1 - session: {"id":6,"name":"abhiinay","role":"student","mustReset":false}
[2026-08-02T08:34:17.056Z] GET /notifications/unread-count?role=student&userId=6&deptId=1 - session: {"id":6,"name":"abhiinay","role":"student","mustReset":false}
[2026-08-02T08:34:17.060Z] GET /student/6/marks - session: {"id":6,"name":"abhiinay","role":"student","mustReset":false}
[2026-08-02T08:34:17.135Z] GET /student.html - session: {"id":6,"name":"abhiinay","role":"student","mustReset":false}
[2026-08-02T08:34:17.168Z] GET /js/api.js - session: {"id":6,"name":"abhiinay","role":"student","mustReset":false}
[2026-08-02T08:34:17.169Z] GET /js/notifications.js - session: {"id":6,"name":"abhiinay","role":"student","mustReset":false}
[2026-08-02T08:34:17.194Z] GET /student/6 - session: {"id":6,"name":"abhiinay","role":"student","mustReset":false}
[2026-08-02T08:34:17.195Z] GET /notifications/unread-count?role=student&userId=6&deptId=1 - session: {"id":6,"name":"abhiinay","role":"student","mustReset":false}
[2026-08-02T08:34:17.224Z] GET /notifications/unread-count?role=student&userId=6&deptId=1 - session: {"id":6,"name":"abhiinay","role":"student","mustReset":false}
[2026-08-02T08:34:17.225Z] GET /student/6/marks - session: {"id":6,"name":"abhiinay","role":"student","mustReset":false}
[2026-08-02T08:34:17.768Z] GET /api/notifications/all?role=student&userId=6&deptId=1 - session: {"id":6,"name":"abhiinay","role":"student","mustReset":false}
